
Running 2 tests using 1 worker

[1A[2K[1/2] [chromium] ÔÇ║ e2e\notes.spec.ts:17:3 ÔÇ║ Notes ÔÇ║ should create a new note
[1A[2K[chromium] ÔÇ║ e2e\notes.spec.ts:17:3 ÔÇ║ Notes ÔÇ║ should create a new note
Waiting for sidebar...

[1A[2KPAGE LOG: Starting sync...

[1A[2KPAGE LOG: Starting sync...

[1A[2KClicking New Note button...

[1A[2KPAGE LOG: Sync Pull Completed

[1A[2KPAGE LOG: Sync completed

[1A[2KPAGE LOG: Sync Pull Completed

[1A[2KPAGE LOG: Sync completed

[1A[2KWaiting for navigation...

[1A[2K  1) [chromium] ÔÇ║ e2e\notes.spec.ts:17:3 ÔÇ║ Notes ÔÇ║ should create a new note ÔöÇÔöÇÔöÇÔöÇÔöÇÔöÇÔöÇÔöÇÔöÇÔöÇÔöÇÔöÇÔöÇÔöÇÔöÇÔöÇÔöÇÔöÇÔöÇÔöÇÔöÇÔöÇÔöÇÔöÇ

    Error: [2mexpect([22m[31mpage[39m[2m).[22mtoHaveURL[2m([22m[32mexpected[39m[2m)[22m failed

    Expected pattern: [32m/.*noteId=.*/[39m
    Received string:  [31m"http://localhost:5173/notes"[39m
    Timeout: 5000ms

    Call log:
    [2m  - Expect "toHaveURL" with timeout 5000ms[22m
    [2m    9 ├ù unexpected value "http://localhost:5173/notes"[22m


      36 |     console.log('Waiting for navigation...');
      37 |     // Should navigate to new note (URL contains noteId)
    > 38 |     await expect(page).toHaveURL(/.*noteId=.*/);
         |                        ^
      39 |
      40 |     console.log('Waiting for title input...');
      41 |     // Wait for editor to load
        at D:\Develop\AI\Evernote\frontend\e2e\notes.spec.ts:38:24

    Error Context: test-results\notes-Notes-should-create-a-new-note-chromium\error-context.md


[1A[2K[2/2] [chromium] ÔÇ║ e2e\notes.spec.ts:70:3 ÔÇ║ Notes ÔÇ║ should delete a note
[1A[2K[chromium] ÔÇ║ e2e\notes.spec.ts:70:3 ÔÇ║ Notes ÔÇ║ should delete a note
Creating note to delete...

[1A[2K  2) [chromium] ÔÇ║ e2e\notes.spec.ts:70:3 ÔÇ║ Notes ÔÇ║ should delete a note ÔöÇÔöÇÔöÇÔöÇÔöÇÔöÇÔöÇÔöÇÔöÇÔöÇÔöÇÔöÇÔöÇÔöÇÔöÇÔöÇÔöÇÔöÇÔöÇÔöÇÔöÇÔöÇÔöÇÔöÇÔöÇÔöÇÔöÇÔöÇ

    Error: [2mexpect([22m[31mpage[39m[2m).[22mtoHaveURL[2m([22m[32mexpected[39m[2m)[22m failed

    Expected pattern: [32m/.*noteId=.*/[39m
    Received string:  [31m"http://localhost:5173/notes"[39m
    Timeout: 5000ms

    Call log:
    [2m  - Expect "toHaveURL" with timeout 5000ms[22m
    [2m    9 ├ù unexpected value "http://localhost:5173/notes"[22m


      77 |     // Create a note first
      78 |     await page.getByRole('button', { name: 'New Note' }).click();
    > 79 |     await expect(page).toHaveURL(/.*noteId=.*/);
         |                        ^
      80 |
      81 |     const titleInput = page.locator('input[placeholder="Note Title"]');
      82 |     await expect(titleInput).toBeVisible();
        at D:\Develop\AI\Evernote\frontend\e2e\notes.spec.ts:79:24

    Error Context: test-results\notes-Notes-should-delete-a-note-chromium\error-context.md


[1A[2K  2 failed
    [chromium] ÔÇ║ e2e\notes.spec.ts:17:3 ÔÇ║ Notes ÔÇ║ should create a new note ÔöÇÔöÇÔöÇÔöÇÔöÇÔöÇÔöÇÔöÇÔöÇÔöÇÔöÇÔöÇÔöÇÔöÇÔöÇÔöÇÔöÇÔöÇÔöÇÔöÇÔöÇÔöÇÔöÇÔöÇÔöÇ
    [chromium] ÔÇ║ e2e\notes.spec.ts:70:3 ÔÇ║ Notes ÔÇ║ should delete a note ÔöÇÔöÇÔöÇÔöÇÔöÇÔöÇÔöÇÔöÇÔöÇÔöÇÔöÇÔöÇÔöÇÔöÇÔöÇÔöÇÔöÇÔöÇÔöÇÔöÇÔöÇÔöÇÔöÇÔöÇÔöÇÔöÇÔöÇÔöÇÔöÇ

[36m  Serving HTML report at http://localhost:53154. Press Ctrl+C to quit.[39m
